[ai-tool.nextjstemplates.com/index.html]
[ai-tool.nextjstemplates.com/_next/static/css/6f6ebf6eec1a3afb.css]
[ai-tool.nextjstemplates.com/_next/static/css/fef0bf2a30d9f023.css]
[ai-tool.nextjstemplates.com/_next/static/css/b9b07d7c9a83825f.css]
[ai-tool.nextjstemplates.com/_next/static/chunks/webpack-5a222ed6879ce29c.js]
[ai-tool.nextjstemplates.com/_next/static/chunks/fd9d1056-85a93b1001cb21c4.js]
[ai-tool.nextjstemplates.com/_next/static/chunks/2472-a62d48415431051c.js]
[ai-tool.nextjstemplates.com/_next/static/chunks/main-app-8ed6d57d180fb331.js]
[ai-tool.nextjstemplates.com/_next/static/chunks/8326-18e82aa83d4185c656e9.js]
[ai-tool.nextjstemplates.com/_next/static/chunks/413-97124db4ebcbf27956e9.js]
[ai-tool.nextjstemplates.com/_next/static/chunks/1324-ed03bed52bd5b63c56e9.js]
[ai-tool.nextjstemplates.com/_next/static/chunks/app/(site)/layout-e98e52e9a8074b0956e9.js]
[ai-tool.nextjstemplates.com/_next/static/chunks/4908-348be032bfc7395c56e9.js]
[ai-tool.nextjstemplates.com/_next/static/chunks/9222-ae95c5031ac4cd6156e9.js]
[ai-tool.nextjstemplates.com/_next/static/chunks/9310-b5b543b63f574c4e56e9.js]
[ai-tool.nextjstemplates.com/_next/static/chunks/5187-491b68da4259dbd456e9.js]
[backblue.gif]
[fade.gif]
[index.html]
[ai-tool.nextjstemplates.com/_next/static/chunks/app/(site)/page-0a2e967cd5f257c856e9.js]
[ai-tool.nextjstemplates.com/favicon.ico]
[ai-tool.nextjstemplates.com/_next/static/chunks/polyfills-c67a75d1b6f99dc8.js]
[ai-tool.nextjstemplates.com/_next/static/media/logo.9f5a9c3a.svg]
[ai-tool.nextjstemplates.com/about.html]
[ai-tool.nextjstemplates.com/blog.html]
[ai-tool.nextjstemplates.com/docs.html]
[ai-tool.nextjstemplates.com/pricing.html]
[ai-tool.nextjstemplates.com/auth/signin.html]
[ai-tool.nextjstemplates.com/auth/signup.html]
[ai-tool.nextjstemplates.com/error.html]
[ai-tool.nextjstemplates.com/ai-examples.html]
[ai-tool.nextjstemplates.com/ai-examples/content-writing-tool.html]
[ai-tool.nextjstemplates.com/ai-examples/business-name-generator.html]
[ai-tool.nextjstemplates.com/ai-examples/product-name-generator.html]
[ai-tool.nextjstemplates.com/ai-examples/article-title-generator.html]
[ai-tool.nextjstemplates.com/ai-examples/spreadsheet-generator.html]
[ai-tool.nextjstemplates.com/ai-examples/interview-question-generator.html]
[ai-tool.nextjstemplates.com/images/hero/icon-title.svg]
[ai-tool.nextjstemplates.com/images/hero/hero.svg]
[ai-tool.nextjstemplates.com/images/features/icon-01.svg]
[ai-tool.nextjstemplates.com/images/features/icon-02.svg]
[ai-tool.nextjstemplates.com/images/features/icon-03.svg]
[ai-tool.nextjstemplates.com/images/features/icon-04.svg]
[ai-tool.nextjstemplates.com/images/features/icon-05.svg]
[ai-tool.nextjstemplates.com/images/features/icon-06.svg]
[ai-tool.nextjstemplates.com/images/features/big-icon.svg]
[ai-tool.nextjstemplates.com/_next/shape-01944a.png]
[ai-tool.nextjstemplates.com/images/features/shape-02.svg]
[ai-tool.nextjstemplates.com/images/features/icon-07.svg]
[ai-tool.nextjstemplates.com/images/pricing/pricing-icon-01.svg]
[ai-tool.nextjstemplates.com/images/pricing/pricing-icon-02.svg]
[ai-tool.nextjstemplates.com/_next/user-01b3aa.png]
[ai-tool.nextjstemplates.com/_next/user-02c34c.png]
[ai-tool.nextjstemplates.com/_next/user-03dfd2.png]
[ai-tool.nextjstemplates.com/_next/user-04296f.png]
[ai-tool.nextjstemplates.com/_next/user-05b78b.png]
[ai-tool.nextjstemplates.com/_next/user-067b0d.png]
[ai-tool.nextjstemplates.com/_next/user-0728e7.png]
[ai-tool.nextjstemplates.com/_next/user-08fb52.png]
[ai-tool.nextjstemplates.com/_next/user-094e75.png]
[ai-tool.nextjstemplates.com/images/clients/client-01.svg]
[ai-tool.nextjstemplates.com/images/clients/client-02.svg]
[ai-tool.nextjstemplates.com/images/clients/client-03.svg]
[ai-tool.nextjstemplates.com/images/clients/client-04.svg]
[ai-tool.nextjstemplates.com/images/clients/client-05.svg]
[ai-tool.nextjstemplates.com/images/clients/client-06.svg]
[ai-tool.nextjstemplates.com/images/clients/client-07.svg]
[ai-tool.nextjstemplates.com/_next/9e6b67ab379a182243ac521db056e96918ff1b5d-1000x667d13d.png]
[ai-tool.nextjstemplates.com/blog/exploring-the-mern-stack-powering-modern-web-development.html]
[ai-tool.nextjstemplates.com/_next/b34fca863dc4efa821da4e71328ec9718ab14062-970x4408b25.png]
[ai-tool.nextjstemplates.com/blog/best-ui-components-for-modern-websites.html]
[ai-tool.nextjstemplates.com/_next/f492eebba9742b0c8c71dd541bd123cdd4fe2130-970x4403625.png]
[ai-tool.nextjstemplates.com/blog/the-power-of-uiux-elevating-digital-experiences.html]
[ai-tool.nextjstemplates.com/static/chunks/8326-18e82aa83d4185c6.5b56e9.delayed]
[ai-tool.nextjstemplates.com/static/chunks/413-97124db4ebcbf279.5c56e9.delayed]
[ai-tool.nextjstemplates.com/static/chunks/1324-ed03bed52bd5b63c.5d56e9.delayed]
[ai-tool.nextjstemplates.com/static/chunks/4908-348be032bfc7395c.5e56e9.delayed]
[ai-tool.nextjstemplates.com/static/chunks/9222-ae95c5031ac4cd61.5f56e9.delayed]
[ai-tool.nextjstemplates.com/static/chunks/9310-b5b543b63f574c4e.6056e9.delayed]
[ai-tool.nextjstemplates.com/static/chunks/5187-491b68da4259dbd4.6156e9.delayed]
[cdn.sanity.io/images/nq6dnm34/production/9e6b67ab379a182243ac521db056e96918ff1b5d-1000x667.png]
[cdn.sanity.io/images/nq6dnm34/production/b34fca863dc4efa821da4e71328ec9718ab14062-970x440.png]
[cdn.sanity.io/images/nq6dnm34/production/f492eebba9742b0c8c71dd541bd123cdd4fe2130-970x440.png]
[ai-tool.nextjstemplates.com/index.html]
[ai-tool.nextjstemplates.com/images/cta/grid.svg]
[ai-tool.nextjstemplates.com/images/blog/quote-shape-2.svg]
[ai-tool.nextjstemplates.com/images/blog/quote-shape-1.svg]
[ai-tool.nextjstemplates.com/_next/static/css/6f6ebf6eec1a3afb.css]
[ai-tool.nextjstemplates.com/_next/static/css/fef0bf2a30d9f023.css]
[ai-tool.nextjstemplates.com/_next/static/css/b9b07d7c9a83825f.css]
[ai-tool.nextjstemplates.com/_next/static/media/logo.9f5a9c3a.svg]
[ai-tool.nextjstemplates.com/_next/static/chunks/app/(site)/about/page-c269bad9f66ba4f356e9.js]
[ai-tool.nextjstemplates.com/images/about/about.svg]
[ai-tool.nextjstemplates.com/_next/video258f.png]
[ai-tool.nextjstemplates.com/_next/team-01cbf6.png]
[ai-tool.nextjstemplates.com/_next/team-02cb70.png]
[ai-tool.nextjstemplates.com/_next/team-03d589.png]
[ai-tool.nextjstemplates.com/_next/team-04cdb3.png]
[ai-tool.nextjstemplates.com/_next/team-055992.png]
[ai-tool.nextjstemplates.com/_next/team-06524e.png]
[ai-tool.nextjstemplates.com/_next/team-072386.png]
[ai-tool.nextjstemplates.com/_next/team-0835b7.png]
[ai-tool.nextjstemplates.com/279.7a56e9.delayed]
[ai-tool.nextjstemplates.com/8da4259dbd4.7b56e9.delayed]
[ai-tool.nextjstemplates.com/about.html]
[ai-tool.nextjstemplates.com/_next/static/chunks/6662-4194230c1758fa0156e9.js]
[ai-tool.nextjstemplates.com/_next/static/chunks/app/(site)/blog/page-c99f642ae41e524356e9.js]
[ai-tool.nextjstemplates.com/_next/b8b5e1f033a65f0194303d8a55ae400c50d27d1a-740x340d864.png]
[ai-tool.nextjstemplates.com/blog/tips-to-quickly-improve-your-coding-speed-in-2025-by-traversy-media.html]
[ai-tool.nextjstemplates.com/_next/2f34d4baaa4ddb04129da8fbb9d075533b927337-970x4406465.png]
[ai-tool.nextjstemplates.com/static/chunks/6662-4194230c1758fa01.8256e9.delayed]
[ai-tool.nextjstemplates.com/blog.html]
[ai-tool.nextjstemplates.com/blog/the-mern-stack-has-become-a-go-to-choice-for-modern-web-development-projects.html]
[ai-tool.nextjstemplates.com/_next/static/chunks/app/(site)/docs/page-16d75cb82bb302b556e9.js]
[ai-tool.nextjstemplates.com/docs/bootstrap-template.html]
[ai-tool.nextjstemplates.com/docs/contact-form.html]
[ai-tool.nextjstemplates.com/docs/style-guide.html]
[ai-tool.nextjstemplates.com/docs/tailwind-component.html]
[ai-tool.nextjstemplates.com/docs.html]
[ai-tool.nextjstemplates.com/docs/tailwind-template.html]
[ai-tool.nextjstemplates.com/_next/static/chunks/app/(site)/pricing/page-2a6c45034aedd11756e9.js]
[ai-tool.nextjstemplates.com/fc7395c.8a56e9.delayed]
[ai-tool.nextjstemplates.com/pricing.html]
[ai-tool.nextjstemplates.com/_next/static/chunks/app/(site)/auth/signin/page-615144dfe57a81c056e9.js]
[ai-tool.nextjstemplates.com/images/signin/sigin.svg]
[ai-tool.nextjstemplates.com/auth/static/chunks/8326-18e82aa83d4185c6.8d56e9.delayed]
[ai-tool.nextjstemplates.com/auth/static/chunks/413-97124db4ebcbf279.8e56e9.delayed]
[ai-tool.nextjstemplates.com/auth/static/chunks/1324-ed03bed52bd5b63c.8f56e9.delayed]
[ai-tool.nextjstemplates.com/auth/2bd5b63c.9056e9.delayed]
[ai-tool.nextjstemplates.com/auth/signin.html]
[ai-tool.nextjstemplates.com/_next/static/chunks/app/(site)/auth/signup/page-a998f9c7ededb0f456e9.js]
[ai-tool.nextjstemplates.com/auth/static/chunks/4908-348be032bfc7395c.9256e9.delayed]
[ai-tool.nextjstemplates.com/auth/static/chunks/9222-ae95c5031ac4cd61.9356e9.delayed]
[ai-tool.nextjstemplates.com/auth/signup.html]
[ai-tool.nextjstemplates.com/_next/static/chunks/app/(site)/error/page-8ecdcccdb0df413656e9.js]
[ai-tool.nextjstemplates.com/error.html]
[ai-tool.nextjstemplates.com/images/404.svg]
[ai-tool.nextjstemplates.com/_next/static/chunks/app/(site)/ai-examples/page-d564ce2f2da965b656e9.js]
[ai-tool.nextjstemplates.com/images/ai-tools/icon-1.svg]
[ai-tool.nextjstemplates.com/images/ai-tools/icon-2.svg]
[ai-tool.nextjstemplates.com/ai-examples.html]
[ai-tool.nextjstemplates.com/images/ai-tools/icon-3.svg]
[ai-tool.nextjstemplates.com/_next/static/chunks/app/(site)/ai-examples/content-writing-tool/page-e692805f5099f45956e9.js]
[ai-tool.nextjstemplates.com/ai-examples/static/chunks/8326-18e82aa83d4185c6.9b56e9.delayed]
[ai-tool.nextjstemplates.com/ai-examples/static/chunks/413-97124db4ebcbf279.9c56e9.delayed]
[ai-tool.nextjstemplates.com/ai-examples/static/chunks/1324-ed03bed52bd5b63c.9d56e9.delayed]
[ai-tool.nextjstemplates.com/ai-examples/static/chunks/4908-348be032bfc7395c.9e56e9.delayed]
[ai-tool.nextjstemplates.com/ai-examples/static/chunks/9222-ae95c5031ac4cd61.9f56e9.delayed]
[ai-tool.nextjstemplates.com/ai-examples/content-writing-tool.html]
[ai-tool.nextjstemplates.com/ai-examples/business-name-generator.html]
[ai-tool.nextjstemplates.com/_next/static/chunks/app/(site)/ai-examples/business-name-generator/page-726320ba38df95c056e9.js]
[ai-tool.nextjstemplates.com/ai-examples/product-name-generator.html]
[ai-tool.nextjstemplates.com/_next/static/chunks/app/(site)/ai-examples/product-name-generator/page-0d6afaf61f0366de56e9.js]
[ai-tool.nextjstemplates.com/ai-examples/article-title-generator.html]
[ai-tool.nextjstemplates.com/_next/static/chunks/app/(site)/ai-examples/article-title-generator/page-27b4e4712863c1b256e9.js]
[ai-tool.nextjstemplates.com/ai-examples/spreadsheet-generator.html]
[ai-tool.nextjstemplates.com/_next/static/chunks/app/(site)/ai-examples/spreadsheet-generator/page-fbfac01b467b92d756e9.js]
[ai-tool.nextjstemplates.com/ai-examples/interview-question-generator.html]
[ai-tool.nextjstemplates.com/images/blur/blur-02.svg]
[ai-tool.nextjstemplates.com/images/hero/icon-title.svg]
[ai-tool.nextjstemplates.com/images/hero/hero.svg]
[ai-tool.nextjstemplates.com/images/features/icon-01.svg]
[ai-tool.nextjstemplates.com/images/features/icon-02.svg]
[ai-tool.nextjstemplates.com/images/features/icon-03.svg]
[ai-tool.nextjstemplates.com/images/features/icon-04.svg]
[ai-tool.nextjstemplates.com/images/features/icon-05.svg]
[ai-tool.nextjstemplates.com/images/features/icon-06.svg]
[ai-tool.nextjstemplates.com/images/features/big-icon.svg]
[ai-tool.nextjstemplates.com/images/features/shape-02.svg]
[ai-tool.nextjstemplates.com/images/blur/blur-03.svg]
[ai-tool.nextjstemplates.com/images/blur/blur-04.svg]
[ai-tool.nextjstemplates.com/images/blur/blur-05.svg]
[ai-tool.nextjstemplates.com/images/features/shape-03.svg]
[ai-tool.nextjstemplates.com/images/features/shape-04.svg]
[ai-tool.nextjstemplates.com/images/blur/blur-08.svg]
[ai-tool.nextjstemplates.com/images/blur/blur-09.svg]
[ai-tool.nextjstemplates.com/images/features/icon-07.svg]
[ai-tool.nextjstemplates.com/images/features/shape-05.svg]
[ai-tool.nextjstemplates.com/images/blur/blur-11.svg]
[ai-tool.nextjstemplates.com/images/blur/blur-12.svg]
[ai-tool.nextjstemplates.com/images/blur/blur-13.svg]
[ai-tool.nextjstemplates.com/images/blur/blur-14.svg]
[ai-tool.nextjstemplates.com/images/blur/blur-15.svg]
[ai-tool.nextjstemplates.com/images/pricing/pricing-icon-01.svg]
[ai-tool.nextjstemplates.com/images/blur/blur-16.svg]
[ai-tool.nextjstemplates.com/images/blur/blur-17.svg]
[ai-tool.nextjstemplates.com/images/pricing/pricing-icon-02.svg]
[ai-tool.nextjstemplates.com/images/pricing/pricing-icon-03.svg]
[ai-tool.nextjstemplates.com/images/clients/client-01.svg]
[ai-tool.nextjstemplates.com/images/clients/client-02.svg]
[ai-tool.nextjstemplates.com/images/clients/client-03.svg]
[ai-tool.nextjstemplates.com/images/clients/client-04.svg]
[ai-tool.nextjstemplates.com/images/clients/client-05.svg]
[ai-tool.nextjstemplates.com/images/clients/client-06.svg]
[ai-tool.nextjstemplates.com/images/clients/client-07.svg]
[ai-tool.nextjstemplates.com/images/blur/blur-20.svg]
[ai-tool.nextjstemplates.com/images/blur/blur-21.svg]
[ai-tool.nextjstemplates.com/_next/static/chunks/app/(site)/ai-examples/interview-question-generator/page-a6da539ee69d459656e9.js]
[ai-tool.nextjstemplates.com/_next/static/chunks/app/(site)/blog/[slug]/page-1cf438c95ed5f27656e9.js]
[ai-tool.nextjstemplates.com/blog/static/chunks/8326-18e82aa83d4185c6.a656e9.delayed]
[ai-tool.nextjstemplates.com/blog/static/chunks/413-97124db4ebcbf279.a756e9.delayed]
[ai-tool.nextjstemplates.com/blog/static/chunks/1324-ed03bed52bd5b63c.a856e9.delayed]
[ai-tool.nextjstemplates.com/blog/exploring-the-mern-stack-powering-modern-web-development.html]
[ai-tool.nextjstemplates.com/blog/best-ui-components-for-modern-websites.html]
[ai-tool.nextjstemplates.com/blog/the-power-of-uiux-elevating-digital-experiences.html]
[ai-tool.nextjstemplates.com/images/blur/blur-22.svg]
[ai-tool.nextjstemplates.com/images/blur/blur-23.svg]
[ai-tool.nextjstemplates.com/images/blur/blur-24.svg]
[ai-tool.nextjstemplates.com/static/chunks/40456e9]
[ai-tool.nextjstemplates.com/static/chunks/40456e9-2]
[ai-tool.nextjstemplates.com/static/chunks/40456e9-3]
[ai-tool.nextjstemplates.com/static/chunks/40456e9-4]
[ai-tool.nextjstemplates.com/static/chunks/40456e9-5]
[ai-tool.nextjstemplates.com/static/chunks/40456e9-6]
[ai-tool.nextjstemplates.com/static/chunks/40456e9-7]
[ai-tool.nextjstemplates.com/images/blur/blur-01.svg]
[ai-tool.nextjstemplates.com/images/blur/blur-06.svg]
[ai-tool.nextjstemplates.com/images/blur/blur-07.svg]
[ai-tool.nextjstemplates.com/images/blur/blur-10.svg]
[ai-tool.nextjstemplates.com/images/blur/blur-18.svg]
[ai-tool.nextjstemplates.com/images/blur/blur-19.svg]
[ai-tool.nextjstemplates.com/images/cta/grid.svg]
[ai-tool.nextjstemplates.com/images/blog/quote-shape-2.svg]
[ai-tool.nextjstemplates.com/images/blog/quote-shape-1.svg]
[ai-tool.nextjstemplates.com/images/ai-tools/icon-5.svg]
[ai-tool.nextjstemplates.com/images/about/about.svg]
[ai-tool.nextjstemplates.com/40456e9]
[ai-tool.nextjstemplates.com/40456e9-2]
[cdn.sanity.io/images/nq6dnm34/production/b8b5e1f033a65f0194303d8a55ae400c50d27d1a-740x340.png]
[ai-tool.nextjstemplates.com/blog/tips-to-quickly-improve-your-coding-speed-in-2025-by-traversy-media.html]
[cdn.sanity.io/images/nq6dnm34/production/2f34d4baaa4ddb04129da8fbb9d075533b927337-970x440.png]
[ai-tool.nextjstemplates.com/blog/the-mern-stack-has-become-a-go-to-choice-for-modern-web-development-projects.html]
[ai-tool.nextjstemplates.com/static/chunks/40456e9-8]
[ai-tool.nextjstemplates.com/_next/static/chunks/3719-719a5cd8eb11420156e9.js]
[ai-tool.nextjstemplates.com/_next/static/chunks/app/(site)/docs/[slug]/page-5b867d56d9ea764256e9.js]
[ai-tool.nextjstemplates.com/docs/static/chunks/8326-18e82aa83d4185c6.ad56e9.delayed]
[ai-tool.nextjstemplates.com/docs/static/chunks/413-97124db4ebcbf279.ae56e9.delayed]
[ai-tool.nextjstemplates.com/docs/static/chunks/1324-ed03bed52bd5b63c.af56e9.delayed]
[ai-tool.nextjstemplates.com/docs/static/chunks/3719-719a5cd8eb114201.b056e9.delayed]
[ai-tool.nextjstemplates.com/docs/bootstrap-template.html]
[ai-tool.nextjstemplates.com/docs/contact-form.html]
[ai-tool.nextjstemplates.com/docs/style-guide.html]
[ai-tool.nextjstemplates.com/docs/tailwind-component.html]
[ai-tool.nextjstemplates.com/docs/tailwind-template.html]
[ai-tool.nextjstemplates.com/40456e9-3]
[ai-tool.nextjstemplates.com/images/signin/sigin.svg]
[ai-tool.nextjstemplates.com/auth/static/chunks/40456e9]
[ai-tool.nextjstemplates.com/auth/static/chunks/40456e9-2]
[ai-tool.nextjstemplates.com/auth/static/chunks/40456e9-3]
[ai-tool.nextjstemplates.com/auth/40456e9]
[ai-tool.nextjstemplates.com/auth/static/chunks/40456e9-4]
[ai-tool.nextjstemplates.com/auth/static/chunks/40456e9-5]
[ai-tool.nextjstemplates.com/images/404.svg]
[ai-tool.nextjstemplates.com/images/ai-tools/icon-1.svg]
[ai-tool.nextjstemplates.com/images/ai-tools/icon-2.svg]
[ai-tool.nextjstemplates.com/images/ai-tools/icon-3.svg]
[ai-tool.nextjstemplates.com/ai-examples/static/chunks/40456e9]
[ai-tool.nextjstemplates.com/ai-examples/static/chunks/40456e9-2]
[ai-tool.nextjstemplates.com/ai-examples/static/chunks/40456e9-3]
[ai-tool.nextjstemplates.com/ai-examples/static/chunks/40456e9-4]
[ai-tool.nextjstemplates.com/ai-examples/static/chunks/40456e9-5]
[ai-tool.nextjstemplates.com/blog/static/chunks/40456e9]
[ai-tool.nextjstemplates.com/blog/static/chunks/40456e9-2]
[ai-tool.nextjstemplates.com/blog/static/chunks/40456e9-3]
[ai-tool.nextjstemplates.com/docs/static/chunks/40456e9]
[ai-tool.nextjstemplates.com/docs/static/chunks/40456e9-2]
[ai-tool.nextjstemplates.com/docs/static/chunks/40456e9-3]
[ai-tool.nextjstemplates.com/docs/static/chunks/40456e9-4]
